// Jest Snapshot v1, https://goo.gl/fbAQLP

exports[`remove elements 1`] = `"Hello"`;

exports[`render 1`] = `"Hello World"`;
