// Jest Snapshot v1, https://goo.gl/fbAQLP

exports[`remove elements 1`] = `""`;

exports[`render 1`] = `""`;
